Archive member included to satisfy reference by file (symbol)

D:/Program Files/STM32CubeIDE_1.13.2/STM32CubeIDE/plugins/com.st.stm32cube.ide.mcu.externaltools.gnu-tools-for-stm32.11.3.rel1.win32_1.1.1.202309131626/tools/bin/../lib/gcc/arm-none-eabi/11.3.1/../../../../arm-none-eabi/lib/thumb/v7-m/nofp\libc_nano.a(libc_a-exit.o)
                              D:/Program Files/STM32CubeIDE_1.13.2/STM32CubeIDE/plugins/com.st.stm32cube.ide.mcu.externaltools.gnu-tools-for-stm32.11.3.rel1.win32_1.1.1.202309131626/tools/bin/../lib/gcc/arm-none-eabi/11.3.1/../../../../arm-none-eabi/lib/thumb/v7-m/nofp/crt0.o (exit)
D:/Program Files/STM32CubeIDE_1.13.2/STM32CubeIDE/plugins/com.st.stm32cube.ide.mcu.externaltools.gnu-tools-for-stm32.11.3.rel1.win32_1.1.1.202309131626/tools/bin/../lib/gcc/arm-none-eabi/11.3.1/../../../../arm-none-eabi/lib/thumb/v7-m/nofp\libc_nano.a(libc_a-findfp.o)
                              D:/Program Files/STM32CubeIDE_1.13.2/STM32CubeIDE/plugins/com.st.stm32cube.ide.mcu.externaltools.gnu-tools-for-stm32.11.3.rel1.win32_1.1.1.202309131626/tools/bin/../lib/gcc/arm-none-eabi/11.3.1/../../../../arm-none-eabi/lib/thumb/v7-m/nofp\libc_nano.a(libc_a-exit.o) (__stdio_exit_handler)
D:/Program Files/STM32CubeIDE_1.13.2/STM32CubeIDE/plugins/com.st.stm32cube.ide.mcu.externaltools.gnu-tools-for-stm32.11.3.rel1.win32_1.1.1.202309131626/tools/bin/../lib/gcc/arm-none-eabi/11.3.1/../../../../arm-none-eabi/lib/thumb/v7-m/nofp\libc_nano.a(libc_a-fwalk.o)
                              D:/Program Files/STM32CubeIDE_1.13.2/STM32CubeIDE/plugins/com.st.stm32cube.ide.mcu.externaltools.gnu-tools-for-stm32.11.3.rel1.win32_1.1.1.202309131626/tools/bin/../lib/gcc/arm-none-eabi/11.3.1/../../../../arm-none-eabi/lib/thumb/v7-m/nofp\libc_nano.a(libc_a-findfp.o) (_fwalk_sglue)
D:/Program Files/STM32CubeIDE_1.13.2/STM32CubeIDE/plugins/com.st.stm32cube.ide.mcu.externaltools.gnu-tools-for-stm32.11.3.rel1.win32_1.1.1.202309131626/tools/bin/../lib/gcc/arm-none-eabi/11.3.1/../../../../arm-none-eabi/lib/thumb/v7-m/nofp\libc_nano.a(libc_a-stdio.o)
                              D:/Program Files/STM32CubeIDE_1.13.2/STM32CubeIDE/plugins/com.st.stm32cube.ide.mcu.externaltools.gnu-tools-for-stm32.11.3.rel1.win32_1.1.1.202309131626/tools/bin/../lib/gcc/arm-none-eabi/11.3.1/../../../../arm-none-eabi/lib/thumb/v7-m/nofp\libc_nano.a(libc_a-findfp.o) (__sread)
D:/Program Files/STM32CubeIDE_1.13.2/STM32CubeIDE/plugins/com.st.stm32cube.ide.mcu.externaltools.gnu-tools-for-stm32.11.3.rel1.win32_1.1.1.202309131626/tools/bin/../lib/gcc/arm-none-eabi/11.3.1/../../../../arm-none-eabi/lib/thumb/v7-m/nofp\libc_nano.a(libc_a-memset.o)
                              D:/Program Files/STM32CubeIDE_1.13.2/STM32CubeIDE/plugins/com.st.stm32cube.ide.mcu.externaltools.gnu-tools-for-stm32.11.3.rel1.win32_1.1.1.202309131626/tools/bin/../lib/gcc/arm-none-eabi/11.3.1/../../../../arm-none-eabi/lib/thumb/v7-m/nofp/crt0.o (memset)
D:/Program Files/STM32CubeIDE_1.13.2/STM32CubeIDE/plugins/com.st.stm32cube.ide.mcu.externaltools.gnu-tools-for-stm32.11.3.rel1.win32_1.1.1.202309131626/tools/bin/../lib/gcc/arm-none-eabi/11.3.1/../../../../arm-none-eabi/lib/thumb/v7-m/nofp\libc_nano.a(libc_a-closer.o)
                              D:/Program Files/STM32CubeIDE_1.13.2/STM32CubeIDE/plugins/com.st.stm32cube.ide.mcu.externaltools.gnu-tools-for-stm32.11.3.rel1.win32_1.1.1.202309131626/tools/bin/../lib/gcc/arm-none-eabi/11.3.1/../../../../arm-none-eabi/lib/thumb/v7-m/nofp\libc_nano.a(libc_a-stdio.o) (_close_r)
D:/Program Files/STM32CubeIDE_1.13.2/STM32CubeIDE/plugins/com.st.stm32cube.ide.mcu.externaltools.gnu-tools-for-stm32.11.3.rel1.win32_1.1.1.202309131626/tools/bin/../lib/gcc/arm-none-eabi/11.3.1/../../../../arm-none-eabi/lib/thumb/v7-m/nofp\libc_nano.a(libc_a-reent.o)
                              D:/Program Files/STM32CubeIDE_1.13.2/STM32CubeIDE/plugins/com.st.stm32cube.ide.mcu.externaltools.gnu-tools-for-stm32.11.3.rel1.win32_1.1.1.202309131626/tools/bin/../lib/gcc/arm-none-eabi/11.3.1/../../../../arm-none-eabi/lib/thumb/v7-m/nofp\libc_nano.a(libc_a-closer.o) (errno)
D:/Program Files/STM32CubeIDE_1.13.2/STM32CubeIDE/plugins/com.st.stm32cube.ide.mcu.externaltools.gnu-tools-for-stm32.11.3.rel1.win32_1.1.1.202309131626/tools/bin/../lib/gcc/arm-none-eabi/11.3.1/../../../../arm-none-eabi/lib/thumb/v7-m/nofp\libc_nano.a(libc_a-impure.o)
                              D:/Program Files/STM32CubeIDE_1.13.2/STM32CubeIDE/plugins/com.st.stm32cube.ide.mcu.externaltools.gnu-tools-for-stm32.11.3.rel1.win32_1.1.1.202309131626/tools/bin/../lib/gcc/arm-none-eabi/11.3.1/../../../../arm-none-eabi/lib/thumb/v7-m/nofp\libc_nano.a(libc_a-reent.o) (_impure_ptr)
D:/Program Files/STM32CubeIDE_1.13.2/STM32CubeIDE/plugins/com.st.stm32cube.ide.mcu.externaltools.gnu-tools-for-stm32.11.3.rel1.win32_1.1.1.202309131626/tools/bin/../lib/gcc/arm-none-eabi/11.3.1/../../../../arm-none-eabi/lib/thumb/v7-m/nofp\libc_nano.a(libc_a-lseekr.o)
[...]
Memory Configuration

Name             Origin             Length             Attributes
RAM              0x0000000020000000 0x0000000000005000 xrw
FLASH            0x0000000008000000 0x0000000000010000 xr
*default*        0x0000000000000000 0xffffffffffffffff

Linker script and memory map

LOAD D:/Program Files/STM32CubeIDE_1.13.2/STM32CubeIDE/plugins/com.st.stm32cube.ide.mcu.externaltools.gnu-tools-for-stm32.11.3.rel1.win32_1.1.1.202309131626/tools/bin/../lib/gcc/arm-none-eabi/11.3.1/thumb/v7-m/nofp/crti.o
LOAD D:/Program Files/STM32CubeIDE_1.13.2/STM32CubeIDE/plugins/com.st.stm32cube.ide.mcu.externaltools.gnu-tools-for-stm32.11.3.rel1.win32_1.1.1.202309131626/tools/bin/../lib/gcc/arm-none-eabi/11.3.1/thumb/v7-m/nofp/crtbegin.o
LOAD D:/Program Files/STM32CubeIDE_1.13.2/STM32CubeIDE/plugins/com.st.stm32cube.ide.mcu.externaltools.gnu-tools-for-stm32.11.3.rel1.win32_1.1.1.202309131626/tools/bin/../lib/gcc/arm-none-eabi/11.3.1/../../../../arm-none-eabi/lib/thumb/v7-m/nofp/crt0.o
LOAD ./Src/ESP_program.o
LOAD ./Src/GPIO.o
LOAD ./Src/MSTK_Program.o
LOAD ./Src/NVIC_PROG.o
LOAD ./Src/RCC_PROG.o
LOAD ./Src/USART_PROG.o
LOAD ./Src/main.o
LOAD ./Src/syscalls.o
LOAD ./Src/sysmem.o
LOAD ./Startup/startup_stm32f103c8tx.o
START GROUP
LOAD D:/Program Files/STM32CubeIDE_1.13.2/STM32CubeIDE/plugins/com.st.stm32cube.ide.mcu.externaltools.gnu-tools-for-stm32.11.3.rel1.win32_1.1.1.202309131626/tools/bin/../lib/gcc/arm-none-eabi/11.3.1/../../../../arm-none-eabi/lib/thumb/v7-m/nofp\libc_nano.a
LOAD D:/Program Files/STM32CubeIDE_1.13.2/STM32CubeIDE/plugins/com.st.stm32cube.ide.mcu.externaltools.gnu-tools-for-stm32.11.3.rel1.win32_1.1.1.202309131626/tools/bin/../lib/gcc/arm-none-eabi/11.3.1/../../../../arm-none-eabi/lib/thumb/v7-m/nofp\libm.a
END GROUP
START GROUP
LOAD D:/Program Files/STM32CubeIDE_1.13.2/STM32CubeIDE/plugins/com.st.stm32cube.ide.mcu.externaltools.gnu-tools-for-stm32.11.3.rel1.win32_1.1.1.202309131626/tools/bin/../lib/gcc/arm-none-eabi/11.3.1/thumb/v7-m/nofp\libgcc.a
LOAD D:/Program Files/STM32CubeIDE_1.13.2/STM32CubeIDE/plugins/com.st.stm32cube.ide.mcu.externaltools.gnu-tools-for-stm32.11.3.rel1.win32_1.1.1.202309131626/tools/bin/../lib/gcc/arm-none-eabi/11.3.1/../../../../arm-none-eabi/lib/thumb/v7-m/nofp\libc_nano.a
END GROUP
START GROUP
LOAD D:/Program Files/STM32CubeIDE_1.13.2/STM32CubeIDE/plugins/com.st.stm32cube.ide.mcu.externaltools.gnu-tools-for-stm32.11.3.rel1.win32_1.1.1.202309131626/tools/bin/../lib/gcc/arm-none-eabi/11.3.1/thumb/v7-m/nofp\libgcc.a
LOAD D:/Program Files/STM32CubeIDE_1.13.2/STM32CubeIDE/plugins/com.st.stm32cube.ide.mcu.externaltools.gnu-tools-for-stm32.11.3.rel1.win32_1.1.1.202309131626/tools/bin/../lib/gcc/arm-none-eabi/11.3.1/../../../../arm-none-eabi/lib/thumb/v7-m/nofp\libc_nano.a
LOAD D:/Program Files/STM32CubeIDE_1.13.2/STM32CubeIDE/plugins/com.st.stm32cube.ide.mcu.externaltools.gnu-tools-for-stm32.11.3.rel1.win32_1.1.1.202309131626/tools/bin/../lib/gcc/arm-none-eabi/11.3.1/../../../../arm-none-eabi/lib/thumb/v7-m/nofp\libnosys.a
END GROUP
START GROUP
LOAD D:/Program Files/STM32CubeIDE_1.13.2/STM32CubeIDE/plugins/com.st.stm32cube.ide.mcu.externaltools.gnu-tools-for-stm32.11.3.rel1.win32_1.1.1.202309131626/tools/bin/../lib/gcc/arm-none-eabi/11.3.1/thumb/v7-m/nofp\libgcc.a
LOAD D:/Program Files/STM32CubeIDE_1.13.2/STM32CubeIDE/plugins/com.st.stm32cube.ide.mcu.externaltools.gnu-tools-for-stm32.11.3.rel1.win32_1.1.1.202309131626/tools/bin/../lib/gcc/arm-none-eabi/11.3.1/../../../../arm-none-eabi/lib/thumb/v7-m/nofp\libc_nano.a
LOAD D:/Program Files/STM32CubeIDE_1.13.2/STM32CubeIDE/plugins/com.st.stm32cube.ide.mcu.externaltools.gnu-tools-for-stm32.11.3.rel1.win32_1.1.1.202309131626/tools/bin/../lib/gcc/arm-none-eabi/11.3.1/../../../../arm-none-eabi/lib/thumb/v7-m/nofp\libnosys.a
END GROUP
LOAD D:/Program Files/STM32CubeIDE_1.13.2/STM32CubeIDE/plugins/com.st.stm32cube.ide.mcu.externaltools.gnu-tools-for-stm32.11.3.rel1.win32_1.1.1.202309131626/tools/bin/../lib/gcc/arm-none-eabi/11.3.1/thumb/v7-m/nofp/crtend.o
LOAD D:/Program Files/STM32CubeIDE_1.13.2/STM32CubeIDE/plugins/com.st.stm32cube.ide.mcu.externaltools.gnu-tools-for-stm32.11.3.rel1.win32_1.1.1.202309131626/tools/bin/../lib/gcc/arm-none-eabi/11.3.1/thumb/v7-m/nofp/crtn.o
                0x0000000020005000                _estack = (ORIGIN (RAM) + LENGTH (RAM))
                0x0000000000000200                _Min_Heap_Size = 0x200
                0x0000000000000400                _Min_Stack_Size = 0x400

.isr_vector     0x0000000008000000      0x130
                0x0000000008000000                . = ALIGN (0x4)
 *(.isr_vector)
 .isr_vector    0x0000000008000000      0x130 ./Startup/startup_stm32f103c8tx.o
                0x0000000008000000                g_pfnVectors
                0x0000000008000130                . = ALIGN (0x4)

.text           0x0000000008000130      0x8d4
                0x0000000008000130                . = ALIGN (0x4)
 *(.text)
 .text          0x0000000008000130       0x40 D:/Program Files/STM32CubeIDE_1.13.2/STM32CubeIDE/plugins/com.st.stm32cube.ide.mcu.externaltools.gnu-tools-for-stm32.11.3.rel1.win32_1.1.1.202309131626/tools/bin/../lib/gcc/arm-none-eabi/11.3.1/thumb/v7-m/nofp/crtbegin.o
 *(.text*)
 .text.ESP8266_voidInit
                0x0000000008000170       0x34 ./Src/ESP_program.o
                0x0000000008000170                ESP8266_voidInit
 .text.ESP8266_voidConnectToWiFi
                0x00000000080001a4       0x58 ./Src/ESP_program.o
                0x00000000080001a4                ESP8266_voidConnectToWiFi
 .text.ESP8266_voidConnectToServerTcp
                0x00000000080001fc       0x4c ./Src/ESP_program.o
                0x00000000080001fc                ESP8266_voidConnectToServerTcp
 .text.ESP8266_u8ReceiveHttpReq
                0x0000000008000248       0x84 ./Src/ESP_program.o
                0x0000000008000248                ESP8266_u8ReceiveHttpReq
 .text.ESP8266_voidClearBuffer
                0x00000000080002cc       0x40 ./Src/ESP_program.o
                0x00000000080002cc                ESP8266_voidClearBuffer
 .text.ESP8266_MUSART1CallBackFunction
                0x000000000800030c       0x28 ./Src/ESP_program.o
                0x000000000800030c                ESP8266_MUSART1CallBackFunction
 .text.MGPIO_VidSetPinDirection
                0x0000000008000334      0x1a4 ./Src/GPIO.o
                0x0000000008000334                MGPIO_VidSetPinDirection
 .text.MSTK_u8ReadFlag
                0x00000000080004d8       0x20 ./Src/MSTK_Program.o
                0x00000000080004d8                MSTK_u8ReadFlag
 .text.SysTick_Handler
                0x00000000080004f8       0x24 ./Src/MSTK_Program.o
                0x00000000080004f8                SysTick_Handler
 .text.MSTK_voidSetBusyWait
                0x000000000800051c       0x50 ./Src/MSTK_Program.o
                0x000000000800051c                MSTK_voidSetBusyWait
 .text.MNVIC_VidEnablePeripheral
                0x000000000800056c       0x30 ./Src/NVIC_PROG.o
                0x000000000800056c                MNVIC_VidEnablePeripheral
 .text.MRCC_VidInit
                0x000000000800059c       0x68 ./Src/RCC_PROG.o
                0x000000000800059c                MRCC_VidInit
 .text.MRCC_VidEnablePeripheralClock
                0x0000000008000604       0x74 ./Src/RCC_PROG.o
                0x0000000008000604                MRCC_VidEnablePeripheralClock
 .text.MUSART1_vidInit
                0x0000000008000678       0x7c ./Src/USART_PROG.o
                0x0000000008000678                MUSART1_vidInit
 .text.MUSART1_vidTransmitChar
                0x00000000080006f4       0x30 ./Src/USART_PROG.o
                0x00000000080006f4                MUSART1_vidTransmitChar
 .text.MUSART1_vidTransmitString
                0x0000000008000724       0x38 ./Src/USART_PROG.o
                0x0000000008000724                MUSART1_vidTransmitString
 .text.MUSART1_u8ReceiveChar
                0x000000000800075c       0x20 ./Src/USART_PROG.o
                0x000000000800075c                MUSART1_u8ReceiveChar
 .text.MUSART1_vidSetCallBack
                0x000000000800077c       0x1c ./Src/USART_PROG.o
                0x000000000800077c                MUSART1_vidSetCallBack
 .text.USART1_IRQHandler
                0x0000000008000798       0x14 ./Src/USART_PROG.o
                0x0000000008000798                USART1_IRQHandler
 .text.MUSART2_vidInit
                0x00000000080007ac       0x88 ./Src/USART_PROG.o
                0x00000000080007ac                MUSART2_vidInit
 .text.MUSART2_vidTransmitChar
                0x0000000008000834       0x30 ./Src/USART_PROG.o
                0x0000000008000834                MUSART2_vidTransmitChar
 .text.USART2_IRQHandler
                0x0000000008000864       0x14 ./Src/USART_PROG.o
                0x0000000008000864                USART2_IRQHandler
 .text.main     0x0000000008000878       0xd8 ./Src/main.o
                0x0000000008000878                main
 .text.Reset_Handler
                0x0000000008000950       0x50 ./Startup/startup_stm32f103c8tx.o
                0x0000000008000950                Reset_Handler
 .text.Default_Handler
                0x00000000080009a0        0x2 ./Startup/startup_stm32f103c8tx.o
                0x00000000080009a0                EXTI2_IRQHandler
                0x00000000080009a0                TIM8_TRG_COM_IRQHandler
                0x00000000080009a0                TIM8_CC_IRQHandler
                0x00000000080009a0                DebugMon_Handler
                0x00000000080009a0                TIM1_CC_IRQHandler
                0x00000000080009a0                HardFault_Handler
                0x00000000080009a0                TIM6_IRQHandler
                0x00000000080009a0                PVD_IRQHandler
                0x00000000080009a0                SDIO_IRQHandler
                0x00000000080009a0                PendSV_Handler
                0x00000000080009a0                NMI_Handler
                0x00000000080009a0                EXTI3_IRQHandler
                0x00000000080009a0                USB_HP_CAN_TX_IRQHandler
                0x00000000080009a0                EXTI0_IRQHandler
                0x00000000080009a0                I2C2_EV_IRQHandler
                0x00000000080009a0                UsageFault_Handler
                0x00000000080009a0                ADC1_2_IRQHandler
                0x00000000080009a0                SPI1_IRQHandler
                0x00000000080009a0                CAN_SCE_IRQHandler
                0x00000000080009a0                TAMPER_IRQHandler
                0x00000000080009a0                TIM8_UP_IRQHandler
                0x00000000080009a0                DMA2_Channel2_IRQHandler
                0x00000000080009a0                DMA1_Channel4_IRQHandler
                0x00000000080009a0                USART3_IRQHandler
                0x00000000080009a0                RTC_IRQHandler
                0x00000000080009a0                DMA1_Channel7_IRQHandler
                0x00000000080009a0                UART5_IRQHandler
                0x00000000080009a0                ADC3_IRQHandler
                0x00000000080009a0                TIM4_IRQHandler
                0x00000000080009a0                CAN_RX1_IRQHandler
                0x00000000080009a0                DMA2_Channel1_IRQHandler
                0x00000000080009a0                I2C1_EV_IRQHandler
                0x00000000080009a0                DMA1_Channel6_IRQHandler
                0x00000000080009a0                UART4_IRQHandler
                0x00000000080009a0                TIM3_IRQHandler
                0x00000000080009a0                RCC_IRQHandler
                0x00000000080009a0                TIM1_TRG_COM_IRQHandler
                0x00000000080009a0                DMA1_Channel1_IRQHandler
                0x00000000080009a0                Default_Handler
                0x00000000080009a0                EXTI15_10_IRQHandler
                0x00000000080009a0                TIM7_IRQHandler
                0x00000000080009a0                TIM5_IRQHandler
                0x00000000080009a0                EXTI9_5_IRQHandler
                0x00000000080009a0                SPI2_IRQHandler
                0x00000000080009a0                USB_LP_CAN_RX0_IRQHandler
                0x00000000080009a0                MemManage_Handler
                0x00000000080009a0                SVC_Handler
                0x00000000080009a0                DMA1_Channel5_IRQHandler
                0x00000000080009a0                EXTI4_IRQHandler
                0x00000000080009a0                DMA1_Channel3_IRQHandler
                0x00000000080009a0                FSMC_IRQHandler
                0x00000000080009a0                TIM1_UP_IRQHandler
                0x00000000080009a0                WWDG_IRQHandler
                0x00000000080009a0                TIM2_IRQHandler
                0x00000000080009a0                TIM1_BRK_IRQHandler
                0x00000000080009a0                EXTI1_IRQHandler
                0x00000000080009a0                RTCAlarm_IRQHandler
                0x00000000080009a0                DMA2_Channel4_5_IRQHandler
                0x00000000080009a0                I2C2_ER_IRQHandler
                0x00000000080009a0                DMA1_Channel2_IRQHandler
                0x00000000080009a0                TIM8_BRK_IRQHandler
                0x00000000080009a0                FLASH_IRQHandler
                0x00000000080009a0                BusFault_Handler
                0x00000000080009a0                SPI3_IRQHandler
                0x00000000080009a0                I2C1_ER_IRQHandler
                0x00000000080009a0                DMA2_Channel3_IRQHandler
 *fill*         0x00000000080009a2        0x2 
 .text.__libc_init_array
                0x00000000080009a4       0x48 D:/Program Files/STM32CubeIDE_1.13.2/STM32CubeIDE/plugins/com.st.stm32cube.ide.mcu.externaltools.gnu-tools-for-stm32.11.3.rel1.win32_1.1.1.202309131626/tools/bin/../lib/gcc/arm-none-eabi/11.3.1/../../../../arm-none-eabi/lib/thumb/v7-m/nofp\libc_nano.a(libc_a-init.o)
                0x00000000080009a4                __libc_init_array
 *(.glue_7)
 .glue_7        0x00000000080009ec        0x0 linker stubs
 *(.glue_7t)
 .glue_7t       0x00000000080009ec        0x0 linker stubs
 *(.eh_frame)
 .eh_frame      0x00000000080009ec        0x0 D:/Program Files/STM32CubeIDE_1.13.2/STM32CubeIDE/plugins/com.st.stm32cube.ide.mcu.externaltools.gnu-tools-for-stm32.11.3.rel1.win32_1.1.1.202309131626/tools/bin/../lib/gcc/arm-none-eabi/11.3.1/thumb/v7-m/nofp/crtbegin.o
 *(.init)
 .init          0x00000000080009ec        0x4 D:/Program Files/STM32CubeIDE_1.13.2/STM32CubeIDE/plugins/com.st.stm32cube.ide.mcu.externaltools.gnu-tools-for-stm32.11.3.rel1.win32_1.1.1.202309131626/tools/bin/../lib/gcc/arm-none-eabi/11.3.1/thumb/v7-m/nofp/crti.o
                0x00000000080009ec                _init
 .init          0x00000000080009f0        0x8 D:/Program Files/STM32CubeIDE_1.13.2/STM32CubeIDE/plugins/com.st.stm32cube.ide.mcu.externaltools.gnu-tools-for-stm32.11.3.rel1.win32_1.1.1.202309131626/tools/bin/../lib/gcc/arm-none-eabi/11.3.1/thumb/v7-m/nofp/crtn.o
 *(.fini)
 .fini          0x00000000080009f8        0x4 D:/Program Files/STM32CubeIDE_1.13.2/STM32CubeIDE/plugins/com.st.stm32cube.ide.mcu.externaltools.gnu-tools-for-stm32.11.3.rel1.win32_1.1.1.202309131626/tools/bin/../lib/gcc/arm-none-eabi/11.3.1/thumb/v7-m/nofp/crti.o
                0x00000000080009f8                _fini
 .fini          0x00000000080009fc        0x8 D:/Program Files/STM32CubeIDE_1.13.2/STM32CubeIDE/plugins/com.st.stm32cube.ide.mcu.externaltools.gnu-tools-for-stm32.11.3.rel1.win32_1.1.1.202309131626/tools/bin/../lib/gcc/arm-none-eabi/11.3.1/thumb/v7-m/nofp/crtn.o
                0x0000000008000a04                . = ALIGN (0x4)
                0x0000000008000a04                _etext = .

.vfp11_veneer   0x0000000008000a04        0x0
 .vfp11_veneer  0x0000000008000a04        0x0 linker stubs

.v4_bx          0x0000000008000a04        0x0
 .v4_bx         0x0000000008000a04        0x0 linker stubs

.iplt           0x0000000008000a04        0x0
 .iplt          0x0000000008000a04        0x0 D:/Program Files/STM32CubeIDE_1.13.2/STM32CubeIDE/plugins/com.st.stm32cube.ide.mcu.externaltools.gnu-tools-for-stm32.11.3.rel1.win32_1.1.1.202309131626/tools/bin/../lib/gcc/arm-none-eabi/11.3.1/thumb/v7-m/nofp/crtbegin.o

.rodata         0x0000000008000a04       0xc0
                0x0000000008000a04                . = ALIGN (0x4)
 *(.rodata)
 .rodata        0x0000000008000a04       0x5f ./Src/ESP_program.o
 *fill*         0x0000000008000a63        0x1 
 .rodata        0x0000000008000a64       0x5e ./Src/main.o
 *(.rodata*)
                0x0000000008000ac4                . = ALIGN (0x4)
 *fill*         0x0000000008000ac2        0x2 

.rel.dyn        0x0000000008000ac4        0x0
 .rel.iplt      0x0000000008000ac4        0x0 D:/Program Files/STM32CubeIDE_1.13.2/STM32CubeIDE/plugins/com.st.stm32cube.ide.mcu.externaltools.gnu-tools-for-stm32.11.3.rel1.win32_1.1.1.202309131626/tools/bin/../lib/gcc/arm-none-eabi/11.3.1/thumb/v7-m/nofp/crtbegin.o

.ARM.extab      0x0000000008000ac4        0x0
                0x0000000008000ac4                . = ALIGN (0x4)
 *(.ARM.extab* .gnu.linkonce.armextab.*)
                0x0000000008000ac4                . = ALIGN (0x4)

.ARM            0x0000000008000ac4        0x0
                0x0000000008000ac4                . = ALIGN (0x4)
                0x0000000008000ac4                __exidx_start = .
 *(.ARM.exidx*)
                0x0000000008000ac4                __exidx_end = .
                0x0000000008000ac4                . = ALIGN (0x4)

.preinit_array  0x0000000008000ac4        0x0
                0x0000000008000ac4                . = ALIGN (0x4)
                0x0000000008000ac4                PROVIDE (__preinit_array_start = .)
 *(.preinit_array*)
                0x0000000008000ac4                PROVIDE (__preinit_array_end = .)
                0x0000000008000ac4                . = ALIGN (0x4)

.init_array     0x0000000008000ac4        0x4
                0x0000000008000ac4                . = ALIGN (0x4)
                0x0000000008000ac4                PROVIDE (__init_array_start = .)
 *(SORT_BY_NAME(.init_array.*))
 *(.init_array*)
 .init_array    0x0000000008000ac4        0x4 D:/Program Files/STM32CubeIDE_1.13.2/STM32CubeIDE/plugins/com.st.stm32cube.ide.mcu.externaltools.gnu-tools-for-stm32.11.3.rel1.win32_1.1.1.202309131626/tools/bin/../lib/gcc/arm-none-eabi/11.3.1/thumb/v7-m/nofp/crtbegin.o
                0x0000000008000ac8                PROVIDE (__init_array_end = .)
                0x0000000008000ac8                . = ALIGN (0x4)

.fini_array     0x0000000008000ac8        0x4
                0x0000000008000ac8                . = ALIGN (0x4)
                [!provide]                        PROVIDE (__fini_array_start = .)
 *(SORT_BY_NAME(.fini_array.*))
 *(.fini_array*)
 .fini_array    0x0000000008000ac8        0x4 D:/Program Files/STM32CubeIDE_1.13.2/STM32CubeIDE/plugins/com.st.stm32cube.ide.mcu.externaltools.gnu-tools-for-stm32.11.3.rel1.win32_1.1.1.202309131626/tools/bin/../lib/gcc/arm-none-eabi/11.3.1/thumb/v7-m/nofp/crtbegin.o
                [!provide]                        PROVIDE (__fini_array_end = .)
                0x0000000008000acc                . = ALIGN (0x4)
                0x0000000008000acc                _sidata = LOADADDR (.data)

.data           0x0000000020000000        0x0 load address 0x0000000008000acc
                0x0000000020000000                . = ALIGN (0x4)
                0x0000000020000000                _sdata = .
 *(.data)
 *(.data*)
 *(.RamFunc)
 *(.RamFunc*)
                0x0000000020000000                . = ALIGN (0x4)
                0x0000000020000000                _edata = .

.igot.plt       0x0000000020000000        0x0 load address 0x0000000008000acc
 .igot.plt      0x0000000020000000        0x0 D:/Program Files/STM32CubeIDE_1.13.2/STM32CubeIDE/plugins/com.st.stm32cube.ide.mcu.externaltools.gnu-tools-for-stm32.11.3.rel1.win32_1.1.1.202309131626/tools/bin/../lib/gcc/arm-none-eabi/11.3.1/thumb/v7-m/nofp/crtbegin.o
                0x0000000020000000                . = ALIGN (0x4)

.bss            0x0000000020000000       0xf4 load address 0x0000000008000acc
                0x0000000020000000                _sbss = .
                0x0000000020000000                __bss_start__ = _sbss
 *(.bss)
 .bss           0x0000000020000000       0x1c D:/Program Files/STM32CubeIDE_1.13.2/STM32CubeIDE/plugins/com.st.stm32cube.ide.mcu.externaltools.gnu-tools-for-stm32.11.3.rel1.win32_1.1.1.202309131626/tools/bin/../lib/gcc/arm-none-eabi/11.3.1/thumb/v7-m/nofp/crtbegin.o
 *(.bss*)
 .bss.Global_u8Response
                0x000000002000001c       0xc8 ./Src/ESP_program.o
                0x000000002000001c                Global_u8Response
 .bss.Iterator  0x00000000200000e4        0x1 ./Src/ESP_program.o
                0x00000000200000e4                Iterator
 *fill*         0x00000000200000e5        0x3 
 .bss.MSTK_CallBack
                0x00000000200000e8        0x4 ./Src/MSTK_Program.o
 .bss.MUSART1_CallBack
                0x00000000200000ec        0x4 ./Src/USART_PROG.o
                0x00000000200000ec                MUSART1_CallBack
 .bss.MUSART2_CallBack
                0x00000000200000f0        0x4 ./Src/USART_PROG.o
                0x00000000200000f0                MUSART2_CallBack
 *(COMMON)
                0x00000000200000f4                . = ALIGN (0x4)
                0x00000000200000f4                _ebss = .
                0x00000000200000f4                __bss_end__ = _ebss

._user_heap_stack
                0x00000000200000f4      0x604 load address 0x0000000008000acc
                0x00000000200000f8                . = ALIGN (0x8)
 *fill*         0x00000000200000f4        0x4 
                [!provide]                        PROVIDE (end = .)
                0x00000000200000f8                PROVIDE (_end = .)
                0x00000000200002f8                . = (. + _Min_Heap_Size)
 *fill*         0x00000000200000f8      0x200 
                0x00000000200006f8                . = (. + _Min_Stack_Size)
 *fill*         0x00000000200002f8      0x400 
                0x00000000200006f8                . = ALIGN (0x8)

/DISCARD/
 libc.a(*)
 libm.a(*)
 libgcc.a(*)

.ARM.attributes
                0x0000000000000000       0x29
 *(.ARM.attributes)
 .ARM.attributes
                0x0000000000000000       0x1d D:/Program Files/STM32CubeIDE_1.13.2/STM32CubeIDE/plugins/com.st.stm32cube.ide.mcu.externaltools.gnu-tools-for-stm32.11.3.rel1.win32_1.1.1.202309131626/tools/bin/../lib/gcc/arm-none-eabi/11.3.1/thumb/v7-m/nofp/crti.o
 .ARM.attributes
                0x000000000000001d       0x2d D:/Program Files/STM32CubeIDE_1.13.2/STM32CubeIDE/plugins/com.st.stm32cube.ide.mcu.externaltools.gnu-tools-for-stm32.11.3.rel1.win32_1.1.1.202309131626/tools/bin/../lib/gcc/arm-none-eabi/11.3.1/thumb/v7-m/nofp/crtbegin.o
 .ARM.attributes
                0x000000000000004a       0x2d ./Src/ESP_program.o
 .ARM.attributes
                0x0000000000000077       0x2d ./Src/GPIO.o
 .ARM.attributes
                0x00000000000000a4       0x2d ./Src/MSTK_Program.o
 .ARM.attributes
                0x00000000000000d1       0x2d ./Src/NVIC_PROG.o
 .ARM.attributes
                0x00000000000000fe       0x2d ./Src/RCC_PROG.o
 .ARM.attributes
                0x000000000000012b       0x2d ./Src/USART_PROG.o
 .ARM.attributes
                0x0000000000000158       0x2d ./Src/main.o
 .ARM.attributes
                0x0000000000000185       0x21 ./Startup/startup_stm32f103c8tx.o
 .ARM.attributes
                0x00000000000001a6       0x2d D:/Program Files/STM32CubeIDE_1.13.2/STM32CubeIDE/plugins/com.st.stm32cube.ide.mcu.externaltools.gnu-tools-for-stm32.11.3.rel1.win32_1.1.1.202309131626/tools/bin/../lib/gcc/arm-none-eabi/11.3.1/../../../../arm-none-eabi/lib/thumb/v7-m/nofp\libc_nano.a(libc_a-init.o)
 .ARM.attributes
                0x00000000000001d3       0x1d D:/Program Files/STM32CubeIDE_1.13.2/STM32CubeIDE/plugins/com.st.stm32cube.ide.mcu.externaltools.gnu-tools-for-stm32.11.3.rel1.win32_1.1.1.202309131626/tools/bin/../lib/gcc/arm-none-eabi/11.3.1/thumb/v7-m/nofp/crtn.o
OUTPUT(test_uart.elf elf32-littlearm)
LOAD linker stubs
LOAD D:/Program Files/STM32CubeIDE_1.13.2/STM32CubeIDE/plugins/com.st.stm32cube.ide.mcu.externaltools.gnu-tools-for-stm32.11.3.rel1.win32_1.1.1.202309131626/tools/bin/../lib/gcc/arm-none-eabi/11.3.1/../../../../arm-none-eabi/lib/thumb/v7-m/nofp\libc.a
LOAD D:/Program Files/STM32CubeIDE_1.13.2/STM32CubeIDE/plugins/com.st.stm32cube.ide.mcu.externaltools.gnu-tools-for-stm32.11.3.rel1.win32_1.1.1.202309131626/tools/bin/../lib/gcc/arm-none-eabi/11.3.1/../../../../arm-none-eabi/lib/thumb/v7-m/nofp\libm.a
LOAD D:/Program Files/STM32CubeIDE_1.13.2/STM32CubeIDE/plugins/com.st.stm32cube.ide.mcu.externaltools.gnu-tools-for-stm32.11.3.rel1.win32_1.1.1.202309131626/tools/bin/../lib/gcc/arm-none-eabi/11.3.1/thumb/v7-m/nofp\libgcc.a

.comment        0x0000000000000000       0x43
 .comment       0x0000000000000000       0x43 D:/Program Files/STM32CubeIDE_1.13.2/STM32CubeIDE/plugins/com.st.stm32cube.ide.mcu.externaltools.gnu-tools-for-stm32.11.3.rel1.win32_1.1.1.202309131626/tools/bin/../lib/gcc/arm-none-eabi/11.3.1/thumb/v7-m/nofp/crtbegin.o
                                         0x44 (size before relaxing)
 .comment       0x0000000000000043       0x44 ./Src/ESP_program.o
 .comment       0x0000000000000043       0x44 ./Src/GPIO.o
 .comment       0x0000000000000043       0x44 ./Src/MSTK_Program.o
 .comment       0x0000000000000043       0x44 ./Src/NVIC_PROG.o
 .comment       0x0000000000000043       0x44 ./Src/RCC_PROG.o
 .comment       0x0000000000000043       0x44 ./Src/USART_PROG.o
 .comment       0x0000000000000043       0x44 ./Src/main.o

.debug_info     0x0000000000000000     0x11c1
 .debug_info    0x0000000000000000      0x359 ./Src/ESP_program.o
 .debug_info    0x0000000000000359      0x27b ./Src/GPIO.o
 .debug_info    0x00000000000005d4      0x263 ./Src/MSTK_Program.o
 .debug_info    0x0000000000000837      0x307 ./Src/NVIC_PROG.o
 .debug_info    0x0000000000000b3e      0x194 ./Src/RCC_PROG.o
 .debug_info    0x0000000000000cd2      0x2eb ./Src/USART_PROG.o
 .debug_info    0x0000000000000fbd      0x1e1 ./Src/main.o
 .debug_info    0x000000000000119e       0x23 ./Startup/startup_stm32f103c8tx.o

.debug_abbrev   0x0000000000000000      0x8b8
 .debug_abbrev  0x0000000000000000      0x1a1 ./Src/ESP_program.o
 .debug_abbrev  0x00000000000001a1       0xf4 ./Src/GPIO.o
 .debug_abbrev  0x0000000000000295      0x139 ./Src/MSTK_Program.o
 .debug_abbrev  0x00000000000003ce      0x13b ./Src/NVIC_PROG.o
 .debug_abbrev  0x0000000000000509       0xc5 ./Src/RCC_PROG.o
 .debug_abbrev  0x00000000000005ce      0x1fc ./Src/USART_PROG.o
 .debug_abbrev  0x00000000000007ca       0xdc ./Src/main.o
 .debug_abbrev  0x00000000000008a6       0x12 ./Startup/startup_stm32f103c8tx.o

.debug_aranges  0x0000000000000000      0x270
 .debug_aranges
                0x0000000000000000       0x58 ./Src/ESP_program.o
 .debug_aranges
                0x0000000000000058       0x48 ./Src/GPIO.o
 .debug_aranges
                0x00000000000000a0       0x70 ./Src/MSTK_Program.o
 .debug_aranges
                0x0000000000000110       0x48 ./Src/NVIC_PROG.o
 .debug_aranges
                0x0000000000000158       0x30 ./Src/RCC_PROG.o
 .debug_aranges
                0x0000000000000188       0x98 ./Src/USART_PROG.o
 .debug_aranges
                0x0000000000000220       0x28 ./Src/main.o
 .debug_aranges
                0x0000000000000248       0x28 ./Startup/startup_stm32f103c8tx.o

.debug_rnglists
                0x0000000000000000      0x1b6
 .debug_rnglists
                0x0000000000000000       0x3f ./Src/ESP_program.o
 .debug_rnglists
                0x000000000000003f       0x36 ./Src/GPIO.o
 .debug_rnglists
                0x0000000000000075       0x4f ./Src/MSTK_Program.o
 .debug_rnglists
                0x00000000000000c4       0x32 ./Src/NVIC_PROG.o
 .debug_rnglists
                0x00000000000000f6       0x1f ./Src/RCC_PROG.o
 .debug_rnglists
                0x0000000000000115       0x6e ./Src/USART_PROG.o
 .debug_rnglists
                0x0000000000000183       0x1a ./Src/main.o
 .debug_rnglists
                0x000000000000019d       0x19 ./Startup/startup_stm32f103c8tx.o

.debug_macro    0x0000000000000000     0x11c9
 .debug_macro   0x0000000000000000       0x48 ./Src/ESP_program.o
 .debug_macro   0x0000000000000048      0xaa2 ./Src/ESP_program.o
 .debug_macro   0x0000000000000aea       0x10 ./Src/ESP_program.o
 .debug_macro   0x0000000000000afa       0x22 ./Src/ESP_program.o
 .debug_macro   0x0000000000000b1c       0x1c ./Src/ESP_program.o
 .debug_macro   0x0000000000000b38       0xee ./Src/ESP_program.o
 .debug_macro   0x0000000000000c26       0x16 ./Src/ESP_program.o
 .debug_macro   0x0000000000000c3c       0x35 ./Src/GPIO.o
 .debug_macro   0x0000000000000c71       0x1c ./Src/GPIO.o
 .debug_macro   0x0000000000000c8d       0x3f ./Src/MSTK_Program.o
 .debug_macro   0x0000000000000ccc       0x16 ./Src/MSTK_Program.o
 .debug_macro   0x0000000000000ce2       0x35 ./Src/NVIC_PROG.o
 .debug_macro   0x0000000000000d17       0x7c ./Src/NVIC_PROG.o
 .debug_macro   0x0000000000000d93       0x1c ./Src/NVIC_PROG.o
 .debug_macro   0x0000000000000daf       0x52 ./Src/RCC_PROG.o
 .debug_macro   0x0000000000000e01      0x217 ./Src/RCC_PROG.o
 .debug_macro   0x0000000000001018       0x22 ./Src/RCC_PROG.o
 .debug_macro   0x000000000000103a       0x10 ./Src/RCC_PROG.o
 .debug_macro   0x000000000000104a       0x3f ./Src/USART_PROG.o
 .debug_macro   0x0000000000001089       0x64 ./Src/USART_PROG.o
 .debug_macro   0x00000000000010ed       0x82 ./Src/USART_PROG.o
 .debug_macro   0x000000000000116f       0x5a ./Src/main.o

.debug_line     0x0000000000000000     0x10c9
 .debug_line    0x0000000000000000      0x25e ./Src/ESP_program.o
 .debug_line    0x000000000000025e      0x4e7 ./Src/GPIO.o
 .debug_line    0x0000000000000745      0x22c ./Src/MSTK_Program.o
 .debug_line    0x0000000000000971      0x1b7 ./Src/NVIC_PROG.o
 .debug_line    0x0000000000000b28      0x14a ./Src/RCC_PROG.o
 .debug_line    0x0000000000000c72      0x2c3 ./Src/USART_PROG.o
 .debug_line    0x0000000000000f35      0x119 ./Src/main.o
 .debug_line    0x000000000000104e       0x7b ./Startup/startup_stm32f103c8tx.o

.debug_str      0x0000000000000000     0x4644
 .debug_str     0x0000000000000000     0x33b2 ./Src/ESP_program.o
                                       0x343d (size before relaxing)
 .debug_str     0x00000000000033b2      0x171 ./Src/GPIO.o
                                       0x32c3 (size before relaxing)
 .debug_str     0x0000000000003523      0x1d5 ./Src/MSTK_Program.o
                                       0x30df (size before relaxing)
 .debug_str     0x00000000000036f8      0x2e9 ./Src/NVIC_PROG.o
                                       0x31aa (size before relaxing)
 .debug_str     0x00000000000039e1      0x6cf ./Src/RCC_PROG.o
                                       0x357a (size before relaxing)
 .debug_str     0x00000000000040b0      0x52e ./Src/USART_PROG.o
                                       0x344d (size before relaxing)
 .debug_str     0x00000000000045de       0x37 ./Src/main.o
                                       0x397f (size before relaxing)
 .debug_str     0x0000000000004615       0x2f ./Startup/startup_stm32f103c8tx.o
                                         0x6a (size before relaxing)

.debug_frame    0x0000000000000000      0x810
 .debug_frame   0x0000000000000000      0x12c ./Src/ESP_program.o
 .debug_frame   0x000000000000012c      0x100 ./Src/GPIO.o
 .debug_frame   0x000000000000022c      0x1ac ./Src/MSTK_Program.o
 .debug_frame   0x00000000000003d8      0x100 ./Src/NVIC_PROG.o
 .debug_frame   0x00000000000004d8       0x88 ./Src/RCC_PROG.o
 .debug_frame   0x0000000000000560      0x238 ./Src/USART_PROG.o
 .debug_frame   0x0000000000000798       0x4c ./Src/main.o
 .debug_frame   0x00000000000007e4       0x2c D:/Program Files/STM32CubeIDE_1.13.2/STM32CubeIDE/plugins/com.st.stm32cube.ide.mcu.externaltools.gnu-tools-for-stm32.11.3.rel1.win32_1.1.1.202309131626/tools/bin/../lib/gcc/arm-none-eabi/11.3.1/../../../../arm-none-eabi/lib/thumb/v7-m/nofp\libc_nano.a(libc_a-init.o)

.debug_line_str
                0x0000000000000000       0x5e
 .debug_line_str
                0x0000000000000000       0x5e ./Startup/startup_stm32f103c8tx.o
                                         0x76 (size before relaxing)
