../Src/MSTK_Program.c:62:6:MSTK_voidInit	0	static
../Src/MSTK_Program.c:78:6:MSTK_voidStart	0	static
../Src/MSTK_Program.c:141:4:MSTK_u8ReadFlag	0	static
../Src/MSTK_Program.c:153:6:MSTK_voidCtrlIntState	0	static
../Src/MSTK_Program.c:102:6:MSTK_voidDelayMs	8	static
../Src/MSTK_Program.c:121:6:MSTK_voidDelayUs	8	static
../Src/MSTK_Program.c:170:6:MSTK_voidCallBack	0	static
../Src/MSTK_Program.c:178:6:SysTick_Handler	16	static
../Src/MSTK_Program.c:191:6:MSTK_voidSetIntervalSingle	0	static
../Src/MSTK_Program.c:213:5:MSTK_u32GetTime	0	static
../Src/MSTK_Program.c:221:6:MSTK_voidSetBusyWait	0	static
