Archive member included to satisfy reference by file (symbol)

C:/ST/STM32CubeIDE_1.14.0/STM32CubeIDE/plugins/com.st.stm32cube.ide.mcu.externaltools.gnu-tools-for-stm32.11.3.rel1.win32_1.1.100.202309141235/tools/bin/../lib/gcc/arm-none-eabi/11.3.1/../../../../arm-none-eabi/lib/thumb/v7-m/nofp\libc_nano.a(libc_a-exit.o)
                              C:/ST/STM32CubeIDE_1.14.0/STM32CubeIDE/plugins/com.st.stm32cube.ide.mcu.externaltools.gnu-tools-for-stm32.11.3.rel1.win32_1.1.100.202309141235/tools/bin/../lib/gcc/arm-none-eabi/11.3.1/../../../../arm-none-eabi/lib/thumb/v7-m/nofp/crt0.o (exit)
C:/ST/STM32CubeIDE_1.14.0/STM32CubeIDE/plugins/com.st.stm32cube.ide.mcu.externaltools.gnu-tools-for-stm32.11.3.rel1.win32_1.1.100.202309141235/tools/bin/../lib/gcc/arm-none-eabi/11.3.1/../../../../arm-none-eabi/lib/thumb/v7-m/nofp\libc_nano.a(libc_a-findfp.o)
                              C:/ST/STM32CubeIDE_1.14.0/STM32CubeIDE/plugins/com.st.stm32cube.ide.mcu.externaltools.gnu-tools-for-stm32.11.3.rel1.win32_1.1.100.202309141235/tools/bin/../lib/gcc/arm-none-eabi/11.3.1/../../../../arm-none-eabi/lib/thumb/v7-m/nofp\libc_nano.a(libc_a-exit.o) (__stdio_exit_handler)
C:/ST/STM32CubeIDE_1.14.0/STM32CubeIDE/plugins/com.st.stm32cube.ide.mcu.externaltools.gnu-tools-for-stm32.11.3.rel1.win32_1.1.100.202309141235/tools/bin/../lib/gcc/arm-none-eabi/11.3.1/../../../../arm-none-eabi/lib/thumb/v7-m/nofp\libc_nano.a(libc_a-fwalk.o)
                              C:/ST/STM32CubeIDE_1.14.0/STM32CubeIDE/plugins/com.st.stm32cube.ide.mcu.externaltools.gnu-tools-for-stm32.11.3.rel1.win32_1.1.100.202309141235/tools/bin/../lib/gcc/arm-none-eabi/11.3.1/../../../../arm-none-eabi/lib/thumb/v7-m/nofp\libc_nano.a(libc_a-findfp.o) (_fwalk_sglue)
C:/ST/STM32CubeIDE_1.14.0/STM32CubeIDE/plugins/com.st.stm32cube.ide.mcu.externaltools.gnu-tools-for-stm32.11.3.rel1.win32_1.1.100.202309141235/tools/bin/../lib/gcc/arm-none-eabi/11.3.1/../../../../arm-none-eabi/lib/thumb/v7-m/nofp\libc_nano.a(libc_a-stdio.o)
                              C:/ST/STM32CubeIDE_1.14.0/STM32CubeIDE/plugins/com.st.stm32cube.ide.mcu.externaltools.gnu-tools-for-stm32.11.3.rel1.win32_1.1.100.202309141235/tools/bin/../lib/gcc/arm-none-eabi/11.3.1/../../../../arm-none-eabi/lib/thumb/v7-m/nofp\libc_nano.a(libc_a-findfp.o) (__sread)
C:/ST/STM32CubeIDE_1.14.0/STM32CubeIDE/plugins/com.st.stm32cube.ide.mcu.externaltools.gnu-tools-for-stm32.11.3.rel1.win32_1.1.100.202309141235/tools/bin/../lib/gcc/arm-none-eabi/11.3.1/../../../../arm-none-eabi/lib/thumb/v7-m/nofp\libc_nano.a(libc_a-memset.o)
                              C:/ST/STM32CubeIDE_1.14.0/STM32CubeIDE/plugins/com.st.stm32cube.ide.mcu.externaltools.gnu-tools-for-stm32.11.3.rel1.win32_1.1.100.202309141235/tools/bin/../lib/gcc/arm-none-eabi/11.3.1/../../../../arm-none-eabi/lib/thumb/v7-m/nofp/crt0.o (memset)
C:/ST/STM32CubeIDE_1.14.0/STM32CubeIDE/plugins/com.st.stm32cube.ide.mcu.externaltools.gnu-tools-for-stm32.11.3.rel1.win32_1.1.100.202309141235/tools/bin/../lib/gcc/arm-none-eabi/11.3.1/../../../../arm-none-eabi/lib/thumb/v7-m/nofp\libc_nano.a(libc_a-closer.o)
                              C:/ST/STM32CubeIDE_1.14.0/STM32CubeIDE/plugins/com.st.stm32cube.ide.mcu.externaltools.gnu-tools-for-stm32.11.3.rel1.win32_1.1.100.202309141235/tools/bin/../lib/gcc/arm-none-eabi/11.3.1/../../../../arm-none-eabi/lib/thumb/v7-m/nofp\libc_nano.a(libc_a-stdio.o) (_close_r)
C:/ST/STM32CubeIDE_1.14.0/STM32CubeIDE/plugins/com.st.stm32cube.ide.mcu.externaltools.gnu-tools-for-stm32.11.3.rel1.win32_1.1.100.202309141235/tools/bin/../lib/gcc/arm-none-eabi/11.3.1/../../../../arm-none-eabi/lib/thumb/v7-m/nofp\libc_nano.a(libc_a-reent.o)
                              C:/ST/STM32CubeIDE_1.14.0/STM32CubeIDE/plugins/com.st.stm32cube.ide.mcu.externaltools.gnu-tools-for-stm32.11.3.rel1.win32_1.1.100.202309141235/tools/bin/../lib/gcc/arm-none-eabi/11.3.1/../../../../arm-none-eabi/lib/thumb/v7-m/nofp\libc_nano.a(libc_a-closer.o) (errno)
C:/ST/STM32CubeIDE_1.14.0/STM32CubeIDE/plugins/com.st.stm32cube.ide.mcu.externaltools.gnu-tools-for-stm32.11.3.rel1.win32_1.1.100.202309141235/tools/bin/../lib/gcc/arm-none-eabi/11.3.1/../../../../arm-none-eabi/lib/thumb/v7-m/nofp\libc_nano.a(libc_a-impure.o)
                              C:/ST/STM32CubeIDE_1.14.0/STM32CubeIDE/plugins/com.st.stm32cube.ide.mcu.externaltools.gnu-tools-for-stm32.11.3.rel1.win32_1.1.100.202309141235/tools/bin/../lib/gcc/arm-none-eabi/11.3.1/../../../../arm-none-eabi/lib/thumb/v7-m/nofp\libc_nano.a(libc_a-reent.o) (_impure_ptr)
C:/ST/STM32CubeIDE_1.14.0/STM32CubeIDE/plugins/com.st.stm32cube.ide.mcu.externaltools.gnu-tools-for-stm32.11.3.rel1.win32_1.1.100.202309141235/tools/bin/../lib/gcc/arm-none-eabi/11.3.1/../../../../arm-none-eabi/lib/thumb/v7-m/nofp\libc_nano.a(libc_a-lseekr.o)
[...]
Memory Configuration

Name             Origin             Length             Attributes
RAM              0x0000000020000000 0x0000000000005000 xrw
FLASH            0x0000000008000000 0x0000000000001000 xr
*default*        0x0000000000000000 0xffffffffffffffff

Linker script and memory map

LOAD C:/ST/STM32CubeIDE_1.14.0/STM32CubeIDE/plugins/com.st.stm32cube.ide.mcu.externaltools.gnu-tools-for-stm32.11.3.rel1.win32_1.1.100.202309141235/tools/bin/../lib/gcc/arm-none-eabi/11.3.1/thumb/v7-m/nofp/crti.o
LOAD C:/ST/STM32CubeIDE_1.14.0/STM32CubeIDE/plugins/com.st.stm32cube.ide.mcu.externaltools.gnu-tools-for-stm32.11.3.rel1.win32_1.1.100.202309141235/tools/bin/../lib/gcc/arm-none-eabi/11.3.1/thumb/v7-m/nofp/crtbegin.o
LOAD C:/ST/STM32CubeIDE_1.14.0/STM32CubeIDE/plugins/com.st.stm32cube.ide.mcu.externaltools.gnu-tools-for-stm32.11.3.rel1.win32_1.1.100.202309141235/tools/bin/../lib/gcc/arm-none-eabi/11.3.1/../../../../arm-none-eabi/lib/thumb/v7-m/nofp/crt0.o
LOAD ./Src/ABL_Program.o
LOAD ./Src/APARSER_Program.o
LOAD ./Src/MFDI_Program.o
LOAD ./Src/MGPIO_Program.o
LOAD ./Src/MNVIC_Program.o
LOAD ./Src/MRCC_Program.o
LOAD ./Src/MSTK_Program.o
LOAD ./Src/MUSART_Program.o
LOAD ./Src/main.o
LOAD ./Src/syscalls.o
LOAD ./Src/sysmem.o
LOAD ./Startup/startup_stm32f103c8tx.o
START GROUP
LOAD C:/ST/STM32CubeIDE_1.14.0/STM32CubeIDE/plugins/com.st.stm32cube.ide.mcu.externaltools.gnu-tools-for-stm32.11.3.rel1.win32_1.1.100.202309141235/tools/bin/../lib/gcc/arm-none-eabi/11.3.1/../../../../arm-none-eabi/lib/thumb/v7-m/nofp\libc_nano.a
LOAD C:/ST/STM32CubeIDE_1.14.0/STM32CubeIDE/plugins/com.st.stm32cube.ide.mcu.externaltools.gnu-tools-for-stm32.11.3.rel1.win32_1.1.100.202309141235/tools/bin/../lib/gcc/arm-none-eabi/11.3.1/../../../../arm-none-eabi/lib/thumb/v7-m/nofp\libm.a
END GROUP
START GROUP
LOAD C:/ST/STM32CubeIDE_1.14.0/STM32CubeIDE/plugins/com.st.stm32cube.ide.mcu.externaltools.gnu-tools-for-stm32.11.3.rel1.win32_1.1.100.202309141235/tools/bin/../lib/gcc/arm-none-eabi/11.3.1/thumb/v7-m/nofp\libgcc.a
LOAD C:/ST/STM32CubeIDE_1.14.0/STM32CubeIDE/plugins/com.st.stm32cube.ide.mcu.externaltools.gnu-tools-for-stm32.11.3.rel1.win32_1.1.100.202309141235/tools/bin/../lib/gcc/arm-none-eabi/11.3.1/../../../../arm-none-eabi/lib/thumb/v7-m/nofp\libc_nano.a
END GROUP
START GROUP
LOAD C:/ST/STM32CubeIDE_1.14.0/STM32CubeIDE/plugins/com.st.stm32cube.ide.mcu.externaltools.gnu-tools-for-stm32.11.3.rel1.win32_1.1.100.202309141235/tools/bin/../lib/gcc/arm-none-eabi/11.3.1/thumb/v7-m/nofp\libgcc.a
LOAD C:/ST/STM32CubeIDE_1.14.0/STM32CubeIDE/plugins/com.st.stm32cube.ide.mcu.externaltools.gnu-tools-for-stm32.11.3.rel1.win32_1.1.100.202309141235/tools/bin/../lib/gcc/arm-none-eabi/11.3.1/../../../../arm-none-eabi/lib/thumb/v7-m/nofp\libc_nano.a
LOAD C:/ST/STM32CubeIDE_1.14.0/STM32CubeIDE/plugins/com.st.stm32cube.ide.mcu.externaltools.gnu-tools-for-stm32.11.3.rel1.win32_1.1.100.202309141235/tools/bin/../lib/gcc/arm-none-eabi/11.3.1/../../../../arm-none-eabi/lib/thumb/v7-m/nofp\libnosys.a
END GROUP
START GROUP
LOAD C:/ST/STM32CubeIDE_1.14.0/STM32CubeIDE/plugins/com.st.stm32cube.ide.mcu.externaltools.gnu-tools-for-stm32.11.3.rel1.win32_1.1.100.202309141235/tools/bin/../lib/gcc/arm-none-eabi/11.3.1/thumb/v7-m/nofp\libgcc.a
LOAD C:/ST/STM32CubeIDE_1.14.0/STM32CubeIDE/plugins/com.st.stm32cube.ide.mcu.externaltools.gnu-tools-for-stm32.11.3.rel1.win32_1.1.100.202309141235/tools/bin/../lib/gcc/arm-none-eabi/11.3.1/../../../../arm-none-eabi/lib/thumb/v7-m/nofp\libc_nano.a
LOAD C:/ST/STM32CubeIDE_1.14.0/STM32CubeIDE/plugins/com.st.stm32cube.ide.mcu.externaltools.gnu-tools-for-stm32.11.3.rel1.win32_1.1.100.202309141235/tools/bin/../lib/gcc/arm-none-eabi/11.3.1/../../../../arm-none-eabi/lib/thumb/v7-m/nofp\libnosys.a
END GROUP
LOAD C:/ST/STM32CubeIDE_1.14.0/STM32CubeIDE/plugins/com.st.stm32cube.ide.mcu.externaltools.gnu-tools-for-stm32.11.3.rel1.win32_1.1.100.202309141235/tools/bin/../lib/gcc/arm-none-eabi/11.3.1/thumb/v7-m/nofp/crtend.o
LOAD C:/ST/STM32CubeIDE_1.14.0/STM32CubeIDE/plugins/com.st.stm32cube.ide.mcu.externaltools.gnu-tools-for-stm32.11.3.rel1.win32_1.1.100.202309141235/tools/bin/../lib/gcc/arm-none-eabi/11.3.1/thumb/v7-m/nofp/crtn.o
                0x0000000020005000                _estack = (ORIGIN (RAM) + LENGTH (RAM))
                0x0000000000000200                _Min_Heap_Size = 0x200
                0x0000000000000400                _Min_Stack_Size = 0x400

.isr_vector     0x0000000008000000      0x130
                0x0000000008000000                . = ALIGN (0x4)
 *(.isr_vector)
 .isr_vector    0x0000000008000000      0x130 ./Startup/startup_stm32f103c8tx.o
                0x0000000008000000                g_pfnVectors
                0x0000000008000130                . = ALIGN (0x4)

.text           0x0000000008000130      0xad8
                0x0000000008000130                . = ALIGN (0x4)
 *(.text)
 .text          0x0000000008000130       0x40 C:/ST/STM32CubeIDE_1.14.0/STM32CubeIDE/plugins/com.st.stm32cube.ide.mcu.externaltools.gnu-tools-for-stm32.11.3.rel1.win32_1.1.100.202309141235/tools/bin/../lib/gcc/arm-none-eabi/11.3.1/thumb/v7-m/nofp/crtbegin.o
 *(.text*)
 .text.ABL_VoidInit
                0x0000000008000170       0x54 ./Src/ABL_Program.o
                0x0000000008000170                ABL_VoidInit
 .text.ABL_VoidRun
                0x00000000080001c4       0xb4 ./Src/ABL_Program.o
                0x00000000080001c4                ABL_VoidRun
 .text.ABL_VoidJumptoApp
                0x0000000008000278       0x38 ./Src/ABL_Program.o
 .text.APARSER_u8AsciiToHex
                0x00000000080002b0       0x34 ./Src/APARSER_Program.o
                0x00000000080002b0                APARSER_u8AsciiToHex
 .text.APARSER_voidParseRecord
                0x00000000080002e4       0x30 ./Src/APARSER_Program.o
                0x00000000080002e4                APARSER_voidParseRecord
 .text.APARSE_voidParseData
                0x0000000008000314      0x168 ./Src/APARSER_Program.o
                0x0000000008000314                APARSE_voidParseData
 .text.MFDI_voidSectorErase
                0x000000000800047c       0xa8 ./Src/MFDI_Program.o
                0x000000000800047c                MFDI_voidSectorErase
 .text.MFDI_voidEraseAppArea
                0x0000000008000524       0x2a ./Src/MFDI_Program.o
                0x0000000008000524                MFDI_voidEraseAppArea
 *fill*         0x000000000800054e        0x2 
 .text.MFDI_voidFlashWrite
                0x0000000008000550       0xc4 ./Src/MFDI_Program.o
                0x0000000008000550                MFDI_voidFlashWrite
 .text.MGPIO_voidSetPinMode
                0x0000000008000614       0xec ./Src/MGPIO_Program.o
                0x0000000008000614                MGPIO_voidSetPinMode
 .text.MGPIO_voidSetPinValue
                0x0000000008000700      0x188 ./Src/MGPIO_Program.o
                0x0000000008000700                MGPIO_voidSetPinValue
 .text.MRCC_voidEnablePeripheralClock
                0x0000000008000888      0x108 ./Src/MRCC_Program.o
                0x0000000008000888                MRCC_voidEnablePeripheralClock
 .text.MRCC_voidInitSystemClk
                0x0000000008000990       0x38 ./Src/MRCC_Program.o
                0x0000000008000990                MRCC_voidInitSystemClk
 .text.MSTK_voidInit
                0x00000000080009c8       0x18 ./Src/MSTK_Program.o
                0x00000000080009c8                MSTK_voidInit
 .text.MSTK_u8ReadFlag
                0x00000000080009e0       0x20 ./Src/MSTK_Program.o
                0x00000000080009e0                MSTK_u8ReadFlag
 .text.SysTick_Handler
                0x0000000008000a00       0x24 ./Src/MSTK_Program.o
                0x0000000008000a00                SysTick_Handler
 .text.MSTK_voidSetIntervalSingle
                0x0000000008000a24       0x50 ./Src/MSTK_Program.o
                0x0000000008000a24                MSTK_voidSetIntervalSingle
 .text.MUSART_voidInit
                0x0000000008000a74       0x60 ./Src/MUSART_Program.o
                0x0000000008000a74                MUSART_voidInit
 .text.MUSART_u8ReadDataSynch
                0x0000000008000ad4       0x3c ./Src/MUSART_Program.o
                0x0000000008000ad4                MUSART_u8ReadDataSynch
 .text.MUSART_voidEnable
                0x0000000008000b10       0x1c ./Src/MUSART_Program.o
                0x0000000008000b10                MUSART_voidEnable
 .text.USART1_IRQHandler
                0x0000000008000b2c       0x14 ./Src/MUSART_Program.o
                0x0000000008000b2c                USART1_IRQHandler
 .text.main     0x0000000008000b40       0x12 ./Src/main.o
                0x0000000008000b40                main
 *fill*         0x0000000008000b52        0x2 
 .text.Reset_Handler
                0x0000000008000b54       0x50 ./Startup/startup_stm32f103c8tx.o
                0x0000000008000b54                Reset_Handler
 .text.Default_Handler
                0x0000000008000ba4        0x2 ./Startup/startup_stm32f103c8tx.o
                0x0000000008000ba4                EXTI2_IRQHandler
                0x0000000008000ba4                TIM8_TRG_COM_IRQHandler
                0x0000000008000ba4                TIM8_CC_IRQHandler
                0x0000000008000ba4                DebugMon_Handler
                0x0000000008000ba4                TIM1_CC_IRQHandler
                0x0000000008000ba4                HardFault_Handler
                0x0000000008000ba4                TIM6_IRQHandler
                0x0000000008000ba4                PVD_IRQHandler
                0x0000000008000ba4                SDIO_IRQHandler
                0x0000000008000ba4                PendSV_Handler
                0x0000000008000ba4                NMI_Handler
                0x0000000008000ba4                EXTI3_IRQHandler
                0x0000000008000ba4                USB_HP_CAN_TX_IRQHandler
                0x0000000008000ba4                EXTI0_IRQHandler
                0x0000000008000ba4                I2C2_EV_IRQHandler
                0x0000000008000ba4                UsageFault_Handler
                0x0000000008000ba4                ADC1_2_IRQHandler
                0x0000000008000ba4                SPI1_IRQHandler
                0x0000000008000ba4                CAN_SCE_IRQHandler
                0x0000000008000ba4                TAMPER_IRQHandler
                0x0000000008000ba4                TIM8_UP_IRQHandler
                0x0000000008000ba4                DMA2_Channel2_IRQHandler
                0x0000000008000ba4                DMA1_Channel4_IRQHandler
                0x0000000008000ba4                USART3_IRQHandler
                0x0000000008000ba4                RTC_IRQHandler
                0x0000000008000ba4                DMA1_Channel7_IRQHandler
                0x0000000008000ba4                UART5_IRQHandler
                0x0000000008000ba4                ADC3_IRQHandler
                0x0000000008000ba4                TIM4_IRQHandler
                0x0000000008000ba4                CAN_RX1_IRQHandler
                0x0000000008000ba4                DMA2_Channel1_IRQHandler
                0x0000000008000ba4                I2C1_EV_IRQHandler
                0x0000000008000ba4                DMA1_Channel6_IRQHandler
                0x0000000008000ba4                UART4_IRQHandler
                0x0000000008000ba4                TIM3_IRQHandler
                0x0000000008000ba4                RCC_IRQHandler
                0x0000000008000ba4                TIM1_TRG_COM_IRQHandler
                0x0000000008000ba4                DMA1_Channel1_IRQHandler
                0x0000000008000ba4                Default_Handler
                0x0000000008000ba4                EXTI15_10_IRQHandler
                0x0000000008000ba4                TIM7_IRQHandler
                0x0000000008000ba4                TIM5_IRQHandler
                0x0000000008000ba4                EXTI9_5_IRQHandler
                0x0000000008000ba4                SPI2_IRQHandler
                0x0000000008000ba4                USB_LP_CAN_RX0_IRQHandler
                0x0000000008000ba4                MemManage_Handler
                0x0000000008000ba4                SVC_Handler
                0x0000000008000ba4                DMA1_Channel5_IRQHandler
                0x0000000008000ba4                EXTI4_IRQHandler
                0x0000000008000ba4                DMA1_Channel3_IRQHandler
                0x0000000008000ba4                FSMC_IRQHandler
                0x0000000008000ba4                TIM1_UP_IRQHandler
                0x0000000008000ba4                WWDG_IRQHandler
                0x0000000008000ba4                TIM2_IRQHandler
                0x0000000008000ba4                TIM1_BRK_IRQHandler
                0x0000000008000ba4                EXTI1_IRQHandler
                0x0000000008000ba4                RTCAlarm_IRQHandler
                0x0000000008000ba4                DMA2_Channel4_5_IRQHandler
                0x0000000008000ba4                USART2_IRQHandler
                0x0000000008000ba4                I2C2_ER_IRQHandler
                0x0000000008000ba4                DMA1_Channel2_IRQHandler
                0x0000000008000ba4                TIM8_BRK_IRQHandler
                0x0000000008000ba4                FLASH_IRQHandler
                0x0000000008000ba4                BusFault_Handler
                0x0000000008000ba4                SPI3_IRQHandler
                0x0000000008000ba4                I2C1_ER_IRQHandler
                0x0000000008000ba4                DMA2_Channel3_IRQHandler
 *fill*         0x0000000008000ba6        0x2 
 .text.__libc_init_array
                0x0000000008000ba8       0x48 C:/ST/STM32CubeIDE_1.14.0/STM32CubeIDE/plugins/com.st.stm32cube.ide.mcu.externaltools.gnu-tools-for-stm32.11.3.rel1.win32_1.1.100.202309141235/tools/bin/../lib/gcc/arm-none-eabi/11.3.1/../../../../arm-none-eabi/lib/thumb/v7-m/nofp\libc_nano.a(libc_a-init.o)
                0x0000000008000ba8                __libc_init_array
 *(.glue_7)
 .glue_7        0x0000000008000bf0        0x0 linker stubs
 *(.glue_7t)
 .glue_7t       0x0000000008000bf0        0x0 linker stubs
 *(.eh_frame)
 .eh_frame      0x0000000008000bf0        0x0 C:/ST/STM32CubeIDE_1.14.0/STM32CubeIDE/plugins/com.st.stm32cube.ide.mcu.externaltools.gnu-tools-for-stm32.11.3.rel1.win32_1.1.100.202309141235/tools/bin/../lib/gcc/arm-none-eabi/11.3.1/thumb/v7-m/nofp/crtbegin.o
 *(.init)
 .init          0x0000000008000bf0        0x4 C:/ST/STM32CubeIDE_1.14.0/STM32CubeIDE/plugins/com.st.stm32cube.ide.mcu.externaltools.gnu-tools-for-stm32.11.3.rel1.win32_1.1.100.202309141235/tools/bin/../lib/gcc/arm-none-eabi/11.3.1/thumb/v7-m/nofp/crti.o
                0x0000000008000bf0                _init
 .init          0x0000000008000bf4        0x8 C:/ST/STM32CubeIDE_1.14.0/STM32CubeIDE/plugins/com.st.stm32cube.ide.mcu.externaltools.gnu-tools-for-stm32.11.3.rel1.win32_1.1.100.202309141235/tools/bin/../lib/gcc/arm-none-eabi/11.3.1/thumb/v7-m/nofp/crtn.o
 *(.fini)
 .fini          0x0000000008000bfc        0x4 C:/ST/STM32CubeIDE_1.14.0/STM32CubeIDE/plugins/com.st.stm32cube.ide.mcu.externaltools.gnu-tools-for-stm32.11.3.rel1.win32_1.1.100.202309141235/tools/bin/../lib/gcc/arm-none-eabi/11.3.1/thumb/v7-m/nofp/crti.o
                0x0000000008000bfc                _fini
 .fini          0x0000000008000c00        0x8 C:/ST/STM32CubeIDE_1.14.0/STM32CubeIDE/plugins/com.st.stm32cube.ide.mcu.externaltools.gnu-tools-for-stm32.11.3.rel1.win32_1.1.100.202309141235/tools/bin/../lib/gcc/arm-none-eabi/11.3.1/thumb/v7-m/nofp/crtn.o
                0x0000000008000c08                . = ALIGN (0x4)
                0x0000000008000c08                _etext = .

.vfp11_veneer   0x0000000008000c08        0x0
 .vfp11_veneer  0x0000000008000c08        0x0 linker stubs

.v4_bx          0x0000000008000c08        0x0
 .v4_bx         0x0000000008000c08        0x0 linker stubs

.iplt           0x0000000008000c08        0x0
 .iplt          0x0000000008000c08        0x0 C:/ST/STM32CubeIDE_1.14.0/STM32CubeIDE/plugins/com.st.stm32cube.ide.mcu.externaltools.gnu-tools-for-stm32.11.3.rel1.win32_1.1.100.202309141235/tools/bin/../lib/gcc/arm-none-eabi/11.3.1/thumb/v7-m/nofp/crtbegin.o

.rel.dyn        0x0000000008000c08        0x0
 .rel.iplt      0x0000000008000c08        0x0 C:/ST/STM32CubeIDE_1.14.0/STM32CubeIDE/plugins/com.st.stm32cube.ide.mcu.externaltools.gnu-tools-for-stm32.11.3.rel1.win32_1.1.100.202309141235/tools/bin/../lib/gcc/arm-none-eabi/11.3.1/thumb/v7-m/nofp/crtbegin.o

.rodata         0x0000000008000c08        0x0
                0x0000000008000c08                . = ALIGN (0x4)
 *(.rodata)
 *(.rodata*)
                0x0000000008000c08                . = ALIGN (0x4)

.ARM.extab      0x0000000008000c08        0x0
                0x0000000008000c08                . = ALIGN (0x4)
 *(.ARM.extab* .gnu.linkonce.armextab.*)
                0x0000000008000c08                . = ALIGN (0x4)

.ARM            0x0000000008000c08        0x0
                0x0000000008000c08                . = ALIGN (0x4)
                0x0000000008000c08                __exidx_start = .
 *(.ARM.exidx*)
                0x0000000008000c08                __exidx_end = .
                0x0000000008000c08                . = ALIGN (0x4)

.preinit_array  0x0000000008000c08        0x0
                0x0000000008000c08                . = ALIGN (0x4)
                0x0000000008000c08                PROVIDE (__preinit_array_start = .)
 *(.preinit_array*)
                0x0000000008000c08                PROVIDE (__preinit_array_end = .)
                0x0000000008000c08                . = ALIGN (0x4)

.init_array     0x0000000008000c08        0x4
                0x0000000008000c08                . = ALIGN (0x4)
                0x0000000008000c08                PROVIDE (__init_array_start = .)
 *(SORT_BY_NAME(.init_array.*))
 *(.init_array*)
 .init_array    0x0000000008000c08        0x4 C:/ST/STM32CubeIDE_1.14.0/STM32CubeIDE/plugins/com.st.stm32cube.ide.mcu.externaltools.gnu-tools-for-stm32.11.3.rel1.win32_1.1.100.202309141235/tools/bin/../lib/gcc/arm-none-eabi/11.3.1/thumb/v7-m/nofp/crtbegin.o
                0x0000000008000c0c                PROVIDE (__init_array_end = .)
                0x0000000008000c0c                . = ALIGN (0x4)

.fini_array     0x0000000008000c0c        0x4
                0x0000000008000c0c                . = ALIGN (0x4)
                [!provide]                        PROVIDE (__fini_array_start = .)
 *(SORT_BY_NAME(.fini_array.*))
 *(.fini_array*)
 .fini_array    0x0000000008000c0c        0x4 C:/ST/STM32CubeIDE_1.14.0/STM32CubeIDE/plugins/com.st.stm32cube.ide.mcu.externaltools.gnu-tools-for-stm32.11.3.rel1.win32_1.1.100.202309141235/tools/bin/../lib/gcc/arm-none-eabi/11.3.1/thumb/v7-m/nofp/crtbegin.o
                [!provide]                        PROVIDE (__fini_array_end = .)
                0x0000000008000c10                . = ALIGN (0x4)
                0x0000000008000c10                _sidata = LOADADDR (.data)

.data           0x0000000020000000        0x8 load address 0x0000000008000c10
                0x0000000020000000                . = ALIGN (0x4)
                0x0000000020000000                _sdata = .
 *(.data)
 *(.data*)
 .data.u8WriteReq
                0x0000000020000000        0x1 ./Src/ABL_Program.o
                0x0000000020000000                u8WriteReq
 *fill*         0x0000000020000001        0x3 
 .data.GLB_u32Address
                0x0000000020000004        0x4 ./Src/APARSER_Program.o
                0x0000000020000004                GLB_u32Address
 *(.RamFunc)
 *(.RamFunc*)
                0x0000000020000008                . = ALIGN (0x4)
                0x0000000020000008                _edata = .

.igot.plt       0x0000000020000008        0x0 load address 0x0000000008000c18
 .igot.plt      0x0000000020000008        0x0 C:/ST/STM32CubeIDE_1.14.0/STM32CubeIDE/plugins/com.st.stm32cube.ide.mcu.externaltools.gnu-tools-for-stm32.11.3.rel1.win32_1.1.100.202309141235/tools/bin/../lib/gcc/arm-none-eabi/11.3.1/thumb/v7-m/nofp/crtbegin.o
                0x0000000020000008                . = ALIGN (0x4)

.bss            0x0000000020000008      0x15c load address 0x0000000008000c18
                0x0000000020000008                _sbss = .
                0x0000000020000008                __bss_start__ = _sbss
 *(.bss)
 .bss           0x0000000020000008       0x1c C:/ST/STM32CubeIDE_1.14.0/STM32CubeIDE/plugins/com.st.stm32cube.ide.mcu.externaltools.gnu-tools-for-stm32.11.3.rel1.win32_1.1.100.202309141235/tools/bin/../lib/gcc/arm-none-eabi/11.3.1/thumb/v7-m/nofp/crtbegin.o
 *(.bss*)
 .bss.TimeOutFlag
                0x0000000020000024        0x1 ./Src/ABL_Program.o
                0x0000000020000024                TimeOutFlag
 *fill*         0x0000000020000025        0x3 
 .bss.ReceiveBuffer
                0x0000000020000028       0x64 ./Src/ABL_Program.o
                0x0000000020000028                ReceiveBuffer
 .bss.u8RecCounter
                0x000000002000008c        0x1 ./Src/ABL_Program.o
                0x000000002000008c                u8RecCounter
 *fill*         0x000000002000008d        0x3 
 .bss.Add_To_Call
                0x0000000020000090        0x4 ./Src/ABL_Program.o
                0x0000000020000090                Add_To_Call
 .bss.GLB_u16Data
                0x0000000020000094       0xc8 ./Src/APARSER_Program.o
                0x0000000020000094                GLB_u16Data
 .bss.MSTK_CallBack
                0x000000002000015c        0x4 ./Src/MSTK_Program.o
 .bss.MUSART_CALLPTR
                0x0000000020000160        0x4 ./Src/MUSART_Program.o
 *(COMMON)
                0x0000000020000164                . = ALIGN (0x4)
                0x0000000020000164                _ebss = .
                0x0000000020000164                __bss_end__ = _ebss

._user_heap_stack
                0x0000000020000164      0x604 load address 0x0000000008000c18
                0x0000000020000168                . = ALIGN (0x8)
 *fill*         0x0000000020000164        0x4 
                [!provide]                        PROVIDE (end = .)
                0x0000000020000168                PROVIDE (_end = .)
                0x0000000020000368                . = (. + _Min_Heap_Size)
 *fill*         0x0000000020000168      0x200 
                0x0000000020000768                . = (. + _Min_Stack_Size)
 *fill*         0x0000000020000368      0x400 
                0x0000000020000768                . = ALIGN (0x8)

/DISCARD/
 libc.a(*)
 libm.a(*)
 libgcc.a(*)

.ARM.attributes
                0x0000000000000000       0x29
 *(.ARM.attributes)
 .ARM.attributes
                0x0000000000000000       0x1d C:/ST/STM32CubeIDE_1.14.0/STM32CubeIDE/plugins/com.st.stm32cube.ide.mcu.externaltools.gnu-tools-for-stm32.11.3.rel1.win32_1.1.100.202309141235/tools/bin/../lib/gcc/arm-none-eabi/11.3.1/thumb/v7-m/nofp/crti.o
 .ARM.attributes
                0x000000000000001d       0x2d C:/ST/STM32CubeIDE_1.14.0/STM32CubeIDE/plugins/com.st.stm32cube.ide.mcu.externaltools.gnu-tools-for-stm32.11.3.rel1.win32_1.1.100.202309141235/tools/bin/../lib/gcc/arm-none-eabi/11.3.1/thumb/v7-m/nofp/crtbegin.o
 .ARM.attributes
                0x000000000000004a       0x2d ./Src/ABL_Program.o
 .ARM.attributes
                0x0000000000000077       0x2d ./Src/APARSER_Program.o
 .ARM.attributes
                0x00000000000000a4       0x2d ./Src/MFDI_Program.o
 .ARM.attributes
                0x00000000000000d1       0x2d ./Src/MGPIO_Program.o
 .ARM.attributes
                0x00000000000000fe       0x2d ./Src/MRCC_Program.o
 .ARM.attributes
                0x000000000000012b       0x2d ./Src/MSTK_Program.o
 .ARM.attributes
                0x0000000000000158       0x2d ./Src/MUSART_Program.o
 .ARM.attributes
                0x0000000000000185       0x2d ./Src/main.o
 .ARM.attributes
                0x00000000000001b2       0x21 ./Startup/startup_stm32f103c8tx.o
 .ARM.attributes
                0x00000000000001d3       0x2d C:/ST/STM32CubeIDE_1.14.0/STM32CubeIDE/plugins/com.st.stm32cube.ide.mcu.externaltools.gnu-tools-for-stm32.11.3.rel1.win32_1.1.100.202309141235/tools/bin/../lib/gcc/arm-none-eabi/11.3.1/../../../../arm-none-eabi/lib/thumb/v7-m/nofp\libc_nano.a(libc_a-init.o)
 .ARM.attributes
                0x0000000000000200       0x1d C:/ST/STM32CubeIDE_1.14.0/STM32CubeIDE/plugins/com.st.stm32cube.ide.mcu.externaltools.gnu-tools-for-stm32.11.3.rel1.win32_1.1.100.202309141235/tools/bin/../lib/gcc/arm-none-eabi/11.3.1/thumb/v7-m/nofp/crtn.o
OUTPUT(Boot_Loader.elf elf32-littlearm)
LOAD linker stubs
LOAD C:/ST/STM32CubeIDE_1.14.0/STM32CubeIDE/plugins/com.st.stm32cube.ide.mcu.externaltools.gnu-tools-for-stm32.11.3.rel1.win32_1.1.100.202309141235/tools/bin/../lib/gcc/arm-none-eabi/11.3.1/../../../../arm-none-eabi/lib/thumb/v7-m/nofp\libc.a
LOAD C:/ST/STM32CubeIDE_1.14.0/STM32CubeIDE/plugins/com.st.stm32cube.ide.mcu.externaltools.gnu-tools-for-stm32.11.3.rel1.win32_1.1.100.202309141235/tools/bin/../lib/gcc/arm-none-eabi/11.3.1/../../../../arm-none-eabi/lib/thumb/v7-m/nofp\libm.a
LOAD C:/ST/STM32CubeIDE_1.14.0/STM32CubeIDE/plugins/com.st.stm32cube.ide.mcu.externaltools.gnu-tools-for-stm32.11.3.rel1.win32_1.1.100.202309141235/tools/bin/../lib/gcc/arm-none-eabi/11.3.1/thumb/v7-m/nofp\libgcc.a

.comment        0x0000000000000000       0x43
 .comment       0x0000000000000000       0x43 C:/ST/STM32CubeIDE_1.14.0/STM32CubeIDE/plugins/com.st.stm32cube.ide.mcu.externaltools.gnu-tools-for-stm32.11.3.rel1.win32_1.1.100.202309141235/tools/bin/../lib/gcc/arm-none-eabi/11.3.1/thumb/v7-m/nofp/crtbegin.o
                                         0x44 (size before relaxing)
 .comment       0x0000000000000043       0x44 ./Src/ABL_Program.o
 .comment       0x0000000000000043       0x44 ./Src/APARSER_Program.o
 .comment       0x0000000000000043       0x44 ./Src/MFDI_Program.o
 .comment       0x0000000000000043       0x44 ./Src/MGPIO_Program.o
 .comment       0x0000000000000043       0x44 ./Src/MRCC_Program.o
 .comment       0x0000000000000043       0x44 ./Src/MSTK_Program.o
 .comment       0x0000000000000043       0x44 ./Src/MUSART_Program.o
 .comment       0x0000000000000043       0x44 ./Src/main.o

.debug_info     0x0000000000000000      0xff9
 .debug_info    0x0000000000000000      0x250 ./Src/ABL_Program.o
 .debug_info    0x0000000000000250      0x1bd ./Src/APARSER_Program.o
 .debug_info    0x000000000000040d      0x174 ./Src/MFDI_Program.o
 .debug_info    0x0000000000000581      0x368 ./Src/MGPIO_Program.o
 .debug_info    0x00000000000008e9      0x135 ./Src/MRCC_Program.o
 .debug_info    0x0000000000000a1e      0x230 ./Src/MSTK_Program.o
 .debug_info    0x0000000000000c4e      0x2c2 ./Src/MUSART_Program.o
 .debug_info    0x0000000000000f10       0xc6 ./Src/main.o
 .debug_info    0x0000000000000fd6       0x23 ./Startup/startup_stm32f103c8tx.o

.debug_abbrev   0x0000000000000000      0x81e
 .debug_abbrev  0x0000000000000000      0x13f ./Src/ABL_Program.o
 .debug_abbrev  0x000000000000013f       0xdc ./Src/APARSER_Program.o
 .debug_abbrev  0x000000000000021b       0xfa ./Src/MFDI_Program.o
 .debug_abbrev  0x0000000000000315      0x122 ./Src/MGPIO_Program.o
 .debug_abbrev  0x0000000000000437       0xbc ./Src/MRCC_Program.o
 .debug_abbrev  0x00000000000004f3      0x13a ./Src/MSTK_Program.o
 .debug_abbrev  0x000000000000062d      0x169 ./Src/MUSART_Program.o
 .debug_abbrev  0x0000000000000796       0x76 ./Src/main.o
 .debug_abbrev  0x000000000000080c       0x12 ./Startup/startup_stm32f103c8tx.o

.debug_aranges  0x0000000000000000      0x230
 .debug_aranges
                0x0000000000000000       0x30 ./Src/ABL_Program.o
 .debug_aranges
                0x0000000000000030       0x30 ./Src/APARSER_Program.o
 .debug_aranges
                0x0000000000000060       0x30 ./Src/MFDI_Program.o
 .debug_aranges
                0x0000000000000090       0x68 ./Src/MGPIO_Program.o
 .debug_aranges
                0x00000000000000f8       0x30 ./Src/MRCC_Program.o
 .debug_aranges
                0x0000000000000128       0x68 ./Src/MSTK_Program.o
 .debug_aranges
                0x0000000000000190       0x58 ./Src/MUSART_Program.o
 .debug_aranges
                0x00000000000001e8       0x20 ./Src/main.o
 .debug_aranges
                0x0000000000000208       0x28 ./Startup/startup_stm32f103c8tx.o

.debug_rnglists
                0x0000000000000000      0x185
 .debug_rnglists
                0x0000000000000000       0x20 ./Src/ABL_Program.o
 .debug_rnglists
                0x0000000000000020       0x20 ./Src/APARSER_Program.o
 .debug_rnglists
                0x0000000000000040       0x21 ./Src/MFDI_Program.o
 .debug_rnglists
                0x0000000000000061       0x51 ./Src/MGPIO_Program.o
 .debug_rnglists
                0x00000000000000b2       0x21 ./Src/MRCC_Program.o
 .debug_rnglists
                0x00000000000000d3       0x49 ./Src/MSTK_Program.o
 .debug_rnglists
                0x000000000000011c       0x3d ./Src/MUSART_Program.o
 .debug_rnglists
                0x0000000000000159       0x13 ./Src/main.o
 .debug_rnglists
                0x000000000000016c       0x19 ./Startup/startup_stm32f103c8tx.o

.debug_macro    0x0000000000000000     0x16d1
 .debug_macro   0x0000000000000000       0x9f ./Src/ABL_Program.o
 .debug_macro   0x000000000000009f      0xaa2 ./Src/ABL_Program.o
 .debug_macro   0x0000000000000b41       0x1c ./Src/ABL_Program.o
 .debug_macro   0x0000000000000b5d       0x22 ./Src/ABL_Program.o
 .debug_macro   0x0000000000000b7f       0x6a ./Src/ABL_Program.o
 .debug_macro   0x0000000000000be9       0x34 ./Src/ABL_Program.o
 .debug_macro   0x0000000000000c1d      0x1c7 ./Src/ABL_Program.o
 .debug_macro   0x0000000000000de4      0x143 ./Src/ABL_Program.o
 .debug_macro   0x0000000000000f27       0x1c ./Src/ABL_Program.o
 .debug_macro   0x0000000000000f43       0x16 ./Src/ABL_Program.o
 .debug_macro   0x0000000000000f59       0x37 ./Src/APARSER_Program.o
 .debug_macro   0x0000000000000f90       0x40 ./Src/MFDI_Program.o
 .debug_macro   0x0000000000000fd0       0x28 ./Src/MFDI_Program.o
 .debug_macro   0x0000000000000ff8       0x55 ./Src/MGPIO_Program.o
 .debug_macro   0x000000000000104d       0x3e ./Src/MRCC_Program.o
 .debug_macro   0x000000000000108b       0xb8 ./Src/MRCC_Program.o
 .debug_macro   0x0000000000001143       0x22 ./Src/MRCC_Program.o
 .debug_macro   0x0000000000001165       0x3e ./Src/MSTK_Program.o
 .debug_macro   0x00000000000011a3       0x16 ./Src/MSTK_Program.o
 .debug_macro   0x00000000000011b9       0x40 ./Src/MUSART_Program.o
 .debug_macro   0x00000000000011f9       0x28 ./Src/MUSART_Program.o
 .debug_macro   0x0000000000001221       0x63 ./Src/main.o
 .debug_macro   0x0000000000001284       0x22 ./Src/main.o
 .debug_macro   0x00000000000012a6       0x8e ./Src/main.o
 .debug_macro   0x0000000000001334       0x51 ./Src/main.o
 .debug_macro   0x0000000000001385      0x103 ./Src/main.o
 .debug_macro   0x0000000000001488       0x6a ./Src/main.o
 .debug_macro   0x00000000000014f2      0x1df ./Src/main.o

.debug_line     0x0000000000000000     0x1467
 .debug_line    0x0000000000000000      0x1cf ./Src/ABL_Program.o
 .debug_line    0x00000000000001cf      0x1e8 ./Src/APARSER_Program.o
 .debug_line    0x00000000000003b7      0x19f ./Src/MFDI_Program.o
 .debug_line    0x0000000000000556      0x593 ./Src/MGPIO_Program.o
 .debug_line    0x0000000000000ae9      0x12d ./Src/MRCC_Program.o
 .debug_line    0x0000000000000c16      0x1f6 ./Src/MSTK_Program.o
 .debug_line    0x0000000000000e0c      0x1d3 ./Src/MUSART_Program.o
 .debug_line    0x0000000000000fdf      0x40d ./Src/main.o
 .debug_line    0x00000000000013ec       0x7b ./Startup/startup_stm32f103c8tx.o

.debug_str      0x0000000000000000     0x6309
 .debug_str     0x0000000000000000     0x4787 ./Src/ABL_Program.o
                                       0x47e6 (size before relaxing)
 .debug_str     0x0000000000004787      0x117 ./Src/APARSER_Program.o
                                       0x30a6 (size before relaxing)
 .debug_str     0x000000000000489e      0x137 ./Src/MFDI_Program.o
                                       0x30ba (size before relaxing)
 .debug_str     0x00000000000049d5      0x1a5 ./Src/MGPIO_Program.o
                                       0x44f9 (size before relaxing)
 .debug_str     0x0000000000004b7a      0x5fb ./Src/MRCC_Program.o
                                       0x373e (size before relaxing)
 .debug_str     0x0000000000005175      0x18e ./Src/MSTK_Program.o
                                       0x3184 (size before relaxing)
 .debug_str     0x0000000000005303      0x207 ./Src/MUSART_Program.o
                                       0x319b (size before relaxing)
 .debug_str     0x000000000000550a      0xdd0 ./Src/main.o
                                       0x3cb5 (size before relaxing)
 .debug_str     0x00000000000062da       0x2f ./Startup/startup_stm32f103c8tx.o
                                         0x6e (size before relaxing)

.debug_frame    0x0000000000000000      0x690
 .debug_frame   0x0000000000000000       0x6c ./Src/ABL_Program.o
 .debug_frame   0x000000000000006c       0x80 ./Src/APARSER_Program.o
 .debug_frame   0x00000000000000ec       0x84 ./Src/MFDI_Program.o
 .debug_frame   0x0000000000000170      0x1a0 ./Src/MGPIO_Program.o
 .debug_frame   0x0000000000000310       0x80 ./Src/MRCC_Program.o
 .debug_frame   0x0000000000000390      0x184 ./Src/MSTK_Program.o
 .debug_frame   0x0000000000000514      0x124 ./Src/MUSART_Program.o
 .debug_frame   0x0000000000000638       0x2c ./Src/main.o
 .debug_frame   0x0000000000000664       0x2c C:/ST/STM32CubeIDE_1.14.0/STM32CubeIDE/plugins/com.st.stm32cube.ide.mcu.externaltools.gnu-tools-for-stm32.11.3.rel1.win32_1.1.100.202309141235/tools/bin/../lib/gcc/arm-none-eabi/11.3.1/../../../../arm-none-eabi/lib/thumb/v7-m/nofp\libc_nano.a(libc_a-init.o)

.debug_line_str
                0x0000000000000000       0x62
 .debug_line_str
                0x0000000000000000       0x62 ./Startup/startup_stm32f103c8tx.o
                                         0x7a (size before relaxing)
